201x201* o12
***************************************************************************************************1*****************************************************************************************************
* *         *           *   *     *   *   *   *         *               *     *                     * *       *             *       *   *       *         *                 *         *     *   *     * *
* * * ***** * ***** ***** * * *** * * * * * * * *** ***** ********* *** *** * * * ***************** * * *** *** * ********* * ***** * * *** *** * ******* * ******* ******* *** ******* * *** * * * * * *
*   * *   * * *   *       * * * *   *   *   *   * * *     *   *     *       * * *     *       *       *   *   * *       *   * *   *   *   *   * * *     *   *   *   *           *   *   *     *   * * * *
* *** *** * * * * ********* * * *************** * * * ***** *** ************* * ***** * ***** *********** *** * ******* * *** * ********* * * *** * ********* * * ***** ******* * * * ************* * * *
*   *   *   * * *       *   * *         *     *   *         *   *       *     *   *   * *   *           * *   * *       *     * *   *     * * *   *           * *     * *   *   * *   *   *   *     *   *
* ***** * *** * *** ***** *** ***** *** * *** ***** ******* * * * ***** * ********* *** * * *********** * * *** * ************* * * * ******* * *** ******* * ******* *** * *** * ***** * * * * ******* *
* *     * *   *   *     *     *     *   *   *     * *   *   * * *   * * *     *   *   * * *   *         * *     *         *     * * *   *     * *   *     * * *     *     *   * *       *   * *   *     *
* * ***** * ***** ***** ******* ***** ***** ***** * * * ***** ***** * * ***** * * *** * *** * * ******* * ******* ******* *** *** * *** *** * * ***** *** *** * *** ********* *** *********** *** ***** *
* *     * *   *   *             *       * * *   * * * *     *     *   *   *   * * *   * *   * *     *   *   *   *       *   *     *   *   * * *     * * *     * * *     *   *     *   *   *   * *     * *
* ***** ***** ***** ******************* * * *** * *** ***** * * * *** *** * *** * * *** * *** ***** ******* * * ***** ***** ***** *** *** * ******* * * ***** * * ***** * * * ***** * * * * *** ***** ***
* *   *   *   *     *     *         *     * *   * *   *   * * * * *   *   *     * * *   *   *   * *         * *   *   *   *     * * *     *       *   *     * * *     *   * * *     * * *     *     *   *
* *** *** * *** ***** *** * ******* * ***** * *** * *** * * *** * * *** ********* * * *** * *** * *********** *** ***** * * *** * * ***** * * ********* * *** * * *** ***** *** ***** ******* * ******* *
*   *   *   * *         *     *     *   *   *     * *   * *     * *   * *   *   * *   *   * *             * * *   *   * * *   * *   *   * * *           * *   * *   *     *   * *   * *   *   * *     * *
*** *** ***** * ******* ******* ********* *** ***** * *** ******* * *** * * * * * *** ***** * *********** * * *** * * * * * *** ***** * * * ********* ***** *** * * ********* * * * * * * * *** * * *** *
* *   *       *   *   *   *   *         * * *   *   *   * *       * *   * *   * *   *     * * *     *   * * *   *   *   * * *   *     * * *   *     *         * * *   *     * * * *   * * * *     * *   *
* *** * *** *** *** * ***** * *** ***** * * *** *** * * *** ******* * *** ***** *** ***** * *** *** * * * * *** ********* * * *** ***** * * *** *** *********** * *** * *** * * *** *** * * ******* * * *
*   * *   *   * *   *     * *   *   *   * *     *   * *         *   * *   *       *     *   *   *   * *       *   *     * * *       *   * * *   * *         *   * *   *   *   *   *   * * *         * * *
*** * ******* * * ******* * *** * *** * * * ***** *** ********* * *** * ********* ***** ***** *** *********** *** * *** * ********* * *** *** *** ********* * *** * ***** ******* *** * * ******* *** * *
*   *     *   * * *     *   * * * *   * * *       *       *   * * *   *       * * *   *       * * *     *   * *   *   * *       * * *   * *   *         *   *   * *               * *   *   *     *   * *
* * ***** * *** * * *** ***** * *** *** * ***************** * *** * *** ***** * * *** ********* * * *** * * *** *** *** ******* * * *** * * *** ***** *** *** * * ***** *********** ******* * ***** *****
* * *     *     * *   *       *     * * * *               * *     * * *     * *     *           *   *   * *     *   *   *   *   * *   * *   *   * *   *   *   * * *   * *   *       *   * * *     *     *
* *** *********** *** *** * ********* * * * ************* * ******* * ***** * ***** * *** *********** *** ******* *** * * * * *** *** * ***** *** * *** ******* *** * *** * * *** * * * * * *********** *
*   *   *   *   * *     * * *         * *   *   *     * * * *     * *       *   *   *   * *         *   *     * * *   * * * * *       * *   * *   *     *     *   * *     * * *   *   * * *   *         *
*** *** * * * * * ***** * *** ***** * * ***** * * *** * * * * *** * *** ******* *** ***** * ******* *** *** * * * * ***** * * * ******* * * * *** ******* *** *** * ******* * * ******* * *** * ******* *
*   *   * *   * * *   * * *   *   * * *   *   *   * *   *   * * * *   *   *   *   *       *   * *     *   * * * * *       * * * *   *   * * *   *   *     * * *   * *   *   * * *     * *   *   * *     *
* * * *** ***** * * * *** * *** * * ***** * ******* *** ***** * * *** *** *** *** *********** * * ******* *** * * ********* * *** * * *** ***** * *** *** * * * * * *** * ***** * *** * *** ***** * *****
* * *     *   *   * *     *   * * *     * *   *       * *   * * * * *   *     * * *             *             *   *   * *   *   * *   *   *   * *     * * *     * *   * *     * *   *     * *     *     *
* ********* ******* ***** *** *** ***** * *** * *** * * * * * * * * *** ***** * * * *************************** *** * * * ***** * ***** * * * * * ***** * ******* *** * ***** * ********* * * *** ***** *
* *     *   *     *   *   *           * *   * * *   * *   *   * * *   * *   *   *   *                     *   *   * *   *       * *   * * * *   *       *     * *   *       * *     *   *   * *     * * *
* * *** * * * * *** * * *** ********* * *** * * * *** ********* * * *** * * ********* *********** ******* * ***** * *** ********* * *** * * ***** *********** * * ***** ***** ***** * * ***** * *** * * *
* *   * * *   * *   * * *   *     *   *   *   * * *           *   *   * * *           *         * *       *       * *     * *     *     * * *     *           *   *     *   *     * * *       * * * * * *
* * *** * ***** * *** *** *** *** ***** * ******* *********** * ***** * * ************* ******* *** ******* ******* ***** * * * ********* * * ***** *** *********** ***** * ***** * * ********* * * * * *
*   *   * *   *   *   *   *   * *     * *       *     *     * * *   * *   *           * *     * *   *         *   *     *   * *         * * * * *   *   *           *   * *   *   * * *   *   * *     * *
* *** *** * * ***** *** *** *** ***** * ******* ***** * ***** * * * * ************* *** *** *** * * ********* * * ***** ***** ********* * * * * * *** *** ************* * *** * *** * * * *** * ******* *
*   * *   * *     *     * * *       * * *     *     * * *     *   *         *   *   *   *   *   * * *     * * * *     *   *   *       * * * *   * *     * *             * * * * *   * * *     *       * *
*** * * ***** * ********* * * *** * * * *** * ***** * * * ***************** * * * * * *** *** *** *** *** * * * ***** *** * *** *** *** * * ***** * ***** * * * ******* * * * * * *** * ***** ******* * *
* * *   *     * *         * * *   * * *   * *     * * * *     *     *   * *   *   * * *           *     * *     *       *   *   *   *   * *   *   *   *   * * * *   *   * *     *   *   *   *   *   *   *
* * ***** *** *** ******* * *** *** * *** * *** * * * * ***** * * * * * * ******* *** * *********** ***** * *********** * ***** * * * *** *** * *** *** ***** * * * *** * ********* ***** ***** *** *****
* * *     *   *   *     * *   * *   *     *   * * *   *   *   * * *   *     *   * *   *   *         *   * * *         * * *   * * * * *     *   *   *   *     * * *   * *   *   *         *     *   *   *
* * ***** * *** ***** * * *** * ********* ***** ******* *** *** * ********* *** * * ******* ********* * * *** ******* * * * * *** * * * ********* *** *** ***** * *** ***** * * * *** ***** ***** * * ***
* *     * *   *       * *   * *           *   *     *     *   * *   *   * * *   * * *       *       * * * *   *   *   * *   *     * * *   *     * * *   *     * * *       * * *   *   *     *     * *   *
* ***** * *********** *** *** * *********** * * *** * *** * *** *** * * * * * * * * * ******* ***** * * * * *** *** *** *********** * * * * *** * * *** * *** *** ******* * * * ******* ********* * *** *
* *   * *           * *   *   * *     *   * * *   *     *   *     *   * *     * * *   * *     *   *   * * * *     *   *     *       * * *     *       * * *   *   *   * *   * * *       *       * *   * *
* * * * *** ******* * * * * ***** *** * * * * *********** *** ******* * ******* * ***** * ***** ******* * * ***** *** ***** ******* * *************** * *** *** * * * * ***** * * ******* * *** * *** * *
* * * *   *   *   *   * * *       * *   *   *   *   *   * *     *   * *   *     *       * *   *       * * *       *   *   *       * *   *       *   * *   *   * * * * *       * * *   *   * *     * *   *
* * * *** *** * * ***** * ********* *********** * * * * *** ***** * *** * ******* ***** * *** * ***** * * ******* * *** * ******* *** * * ***** *** * *** *** * *** * * *** * *** * * * *** ******* *** *
* * *   *   * * *     * *     * *     *       *   *   *     *     *   * * *     * *   * * *   * *   *   * *     * *   * *   *   *   * *   *   *   *   *   *   * *   * * *   * *   * *   * *       *   * *
* * *** *** *** ***** * ***** * * * *** ***** *************** ******* * * * *** * * * *** * * * *** ***** * *** * *** *** * * * *** * ***** * *** *** * *** *** * *** * * *** * ***** *** ******* * * * *
* *   *   * *   *   * * *   * *   *     * *   *         *     * *     * *     *   * *     * * *       *   * * *     *   * * * * *   *     * *   *   * *   *   *     * * *   * *     *     * *   * * * * *
* *** *** * * * * * * * * * * ********* * * * * ********* ***** * *********** ***** ******* ********* * * * * ********* * * *** * ******* * *** *** * *** *** ******* * *** ******* ***** * * * * * *** *
*   *   *     * * * *   * * *         *   * * * *       *   * *   *     *   *     * * *     *         * * *     *       * *     *   *     * *       *   *   *   *     *   *     *   *       * *   *   * *
* * *** ********* * ***** *********** *** * * * * ***** *** * * *** *** * * ******* * * * *** *********** ***** * ******* ***** *** *** *** *********** *** *** * * ***** ***** * *********** ******* * *
* * *       *   * *     *         *   *   * *   *   * * *   *   *   * *   *     *   * * * *   *         *       *   *         *   *   *   *           *   *     * * *   *     * * *         * *       * *
* *** ******* * * ***** ******* * * ******* *** *** * * * *** *** *** ********* * *** * * * *** ***** * * ********* ***** *** ******* ******* ******* * ******* * *** * ***** * * * * ***** * *** ***** *
*     *   *   * * *   *       * *           * * * * * *   * *   *   *     *   *   *   * * *   * *   * * *       * *     *   *       * *     * *     * * *     * *   * * *     * * * * *   * *   *       *
******* * * *** * * * ******* *************** * * * * ***** *** * * * ***** * ***** *** * *** * * * * * ******* * ***** *** ******* * * *** * * *** * *** *** * *** * * ******* * * * * * * * * * *******
*   *   *   * *   * * *     *     *         *     * *   *       * * *       *     *     *   * * * *   *       *   *   *   * *   * * *   *   * *   * *     * * * * *   * *       * * * * *   * * *   *   *
* * * ******* ***** * * *** ***** * ******* * ***** * * * ********* * *********** * ***** * * *** *********** ***** * *** * * * * * ***** *** ***** ******* * * * ***** * ***** * *** * ***** * ***** * *
* * *     *   *     *   *   * *   *   *   *   * *   * *             * *       *   * *   * * *     * *       *   *   *     *   *   * *     * * *     *       * * *     * *     * *     *   * * * *   * * *
* * * *** * *** * ******* *** * ***** * * ***** * * ***************** ******* * *** * * * ********* * ***** *** * *************** * * ***** * * *** * ***** * * ***** * ***** *********** * * * * * * * *
* * * *   * *   * *           * *       *     * * * *   *     *   *   *       *       * *           *     *   *   *         *     *   *     *   * * * *   * * *       * *   *       *     *   *   *   * *
* * *** *** * *** *** ********* * ***** ***** * * * * * * * *** * * *** ******************* ***** ***** *** * ***** ******* * *********** ******* * * * * *** *** ***** * * ******* * ******* ********* *
* *   * *       *   *     *     * *   * *   *   * * * * * *   * * * * *           *       * *   * *     *   * *   * *   *   * *     *   *       * * *   * *   *   *     * *         * *     * *         *
* *** * * ********* ***** * ******* * *** * ***** * * * *** * * * * * * ***** * *** ***** * * * *** ***** *** * * * * * ***** * * * * * ***** * * * ***** * *** *** ***** *** ******* * *** *** ******* *
* *     * *         *     * *       * *   * *   * * * *   * *   *   *   *   * * *   *     * * *     *     * * * *   * *       * * *   *   *   *   * *     *     *   *     *   *     * * * *   * *       *
* ********* *************** * * ***** * *** * * * *** *** *** ******* *** *** *** *** ***** * ******* ***** * * ***** *********** ******* * *** *** * *** ******* *** *** * *** *** * * * *** * * *******
*   *       *               * * *       *     * *       *   * *     * *     *   *   *       *   * *   *     * * *   * *           * *     *   * *   * *   *     * *   *   *   * * *   * *   * * * *     *
* * * ******* ***************** * ************* * ******* * * ***** * ***** *** *** ******* *** * * *** ***** * * * * *** ********* * ******* * * *** * *** *** * * *** ******* * ***** * *** * * *** * *
* * *       *     *           * * *   *   *   * * *     * * *     *           *   *   *       * * *   *   *   * * *   *   * *       *   *     * * *   * * * *     * * *         *       *     * * *   * *
* * * ***** ***** * ***** *** * *** * * * * * * * * *** *** ***** ********* *** * *** ******* * * *** * * * *** * ***** *** * ***** *** * ***** * * * * * * ******* * *********** *** *** ***** * * *** *
* * * *       *   *     * * * *   * *   * * * * * * *       *   * *   * *   *   * * * *   *   *   *   * *       * *     *     *   *     *     * * * * *   *     * *   * *       * * *   *       * *   * *
*** * * ***** * ********* * * *** * ***** *** * * * *********** * * * * * *** *** * * * * * ***** * *** ********* * *** *** *** ************* * * *** *** ***** * *** * * *** *** * *** *** ***** *** * *
*   * * *     * *         * *   * *     *   * * * *     *     * *   * *   * * *   * *   * *   *   *   *   *       *   *   *   *           *   * * *   *   *   * * *   *     *   *     * *   *   *     * *
* *** * ******* * ********* *** * ***** *** * * * ***** * *** * ***** *** * * *** * ***** ***** ***** ***** ********* *** *** *** ***** * * *** * * *** *** *** * * *********** ***** * ***** * *** *****
* *   *           *     *   *   * *     *   * * * *     * *   *     *   * * *   *       *       *   *   *   *         *   *     * *     *   *   *   *   *   *   * *   *       *   *   *       *   * *   *
* *** ***************** * * * *** * ***** *** * *** ***** * *** *** *** * * *** ******* *********** *** * *********** * ******* *** *** ***** *** ***** * *** *** *** * ***** * * * *********** * *** * *
*   * *     *         * * * * *     *     *         *     * *   *   * * *     *   *   * *   *       *   *   *       * *     *       *   *   * * * *   *   *   *     * *   * * * *       * *   * *     * *
* * * ***** * ******* * * * * *** *** ***************** *** * * * *** * * ******* * *** * * *** * *** ***** * ***** ***** * ******* ***** * * * * * * *** * ***** *** *** * * * ******* * * * * ***** * *
* * *   *   *   *   * *   * *   *   *             *     * * * * * *   * * *       * *   * * *   * *   *       *         * *   *     *     * *   * * *   * *     *         *   * *     *   * * * *   * * *
* * *** * ***** *** * *** * *** *** ***** ******* * ***** * * * * * *** *** ******* * *** * * *** * *** *************** *** * ******* ***** * *** * *** ******* *********** ***** *** ***** * *** * *** *
* * * *   *   *     *   * *   *   * *   * *   *   *   * *   * * * * *   *   *   *   * *   *   * * *     *       *     *   * *       * *   * * *   *   * *     *     *     *     *   *     * *     *   * *
* * * *** * * *** ***** *** ***** *** * *** * * ***** * * ***** * * * *** *** * * * * *** ***** * ******* ***** * *** *** *** ***** * * * * *** ***** * * *** ***** ***** ***** * * ***** * ********* * *
* * *   * * *   * *   *   * *     *   *     * *   *   * * *     * * * *   *   *   * *   * *   *   *     *     *     *   *   *     *   * * *   * *   * *   *         *         * * *     *   *         * *
* * * * * * *** * * * *** * * ***** ********* *** * *** * * ***** * * *** ********* *** * * * *** * *** *** ********* * *** ******* *** ***** * * * * *************** ********* * ***** ***** ******* * *
* * * *   *   *   * * *   * * *       *     *     * *       *       *   *         *   * * * *   *   *     * *   *   * *   * *     *     *   *     * *       * *       *     *   *   * *   *   *     *   *
*** ********* ***** * * *** * ******* * *** ******* *************** *** ********* * *** * * *** *********** * * * * ***** * * *** ******* * ******* ******* * * *** * * *** * ***** * *** * *** *** *** *
*   *       *   *   * * *   *         * *   *       *   *       * * * *           *     * * *   *           * *   *       *   * * *       *     * * *   * * *   *   * *   *   * *   * *   *   *   * *   *
* *** *** ***** * *** * * * *********** *** ***** *** * * ***** * * * ************* ***** * * *** *********** ***************** * * *********** * * * * * * * *** ******* ***** * *** * * ******* * *** *
*   *   *       *   *   * *     *     *   *       *   * * *   * * * *         *   * *       *   * *         * *                 * * *         * *   * * * * *   *   *   * *     * *   * * *       *   * *
* * * ***** ******* ***** ******* *** * * ******* * *** * * * * * * ***** * *** * * *********** * ***** ***** ***** ***** ******* * *** * ***** * *** * * * *** *** * * * * *** * * *** *** ***** *** * *
* *   *   *     *   *   *     *   * *   * *     * * * *   * * * *   *   * *     * *         *   *     * *   * *   *   *   *     *   *   * *     *   * *   * * * * *   *   *   *   *   *     *   *   * * *
* ***** * ******* *** * * *** * *** ***** * *** * * * ***** * * * *** * * ******* ********* * ******* * * * * * * *** ***** *** ***** *** * ******* * * *** * * * *********** ***** * ******* * ***** ***
*     * *         *   * *   * *   *     * * *   * * *       * * *   * * * *   *   *       * *     *   * * * * * *   * *     * *         * * *     * * * *   * * *     *     *   *   *       * *     *   *
***** * *********** *** ***** *** *** * * * * *** * * ***** * * *** * * *** * * * * ***** * * *** * *** * * * * *** * * ***** ********* * * *** * * * * * *** * *** *** * ***** ******* *** * ***** *** *
*     *     * *     *   *   *   *     * *   * *   * *   *   * * * *   *     * * * * *   * * * *   *   * * *   * *   * * *     * *       * *   * * * * * * *   *   *   * *     *         *   * * *   *   *
*********** * * * *** *** * *** ******* ***** * *** ***** *** * * *** ******* * * * *** * * *** * *** * * * *** * *** * *** * * * * ********* *** * * *** *** *** *** * ***** *********** *** * * *** * *
*           * * * *   *   *   *       *   * * *   *       *   * *     *     *   * * *   *       *   *   * * *   * *   *   * *   * * *       *   * * *   *   *   *   *   *   *         *   * * *       * *
* *********** * * * ***** *** ***** * *** * * *** *** ********* ***** * *** ******* * ***************** * *** *** * * *** * ***** *** ***** *** * * *** *** *** *** * *** * * ********* *** * ********* *
* *       *   * * *       * *     * * *   * *   * *   *         *   * * * *       * * *   *     *   *   * *   *   * * *   *     *   *   * *     *     *   *   *   * * *   * * *         *   *   *     * *
* * *** *** * * * ********* ***** *** * *** *** *** *** ********* * *** * ******* * * * * * *** * * * *** * *** ***** * ******* *** *** * *********** *** *** *** * * * *** * * ********* ***** *** * * *
* *   *   * *   * *       *     * *   *   *   *     * *           *   * *     * *   *   * * * *   *   * *   *   *     *       *   *     *   *       *   *   *   *   * *   *   *       *       *   * *   *
* ******* * ***** * ***** * * *** * * *** *** ******* ************* * * * *** * ********* * * ********* ***** *** * * ******* * ********* * * ***** *** * * *** * *** *** *********** ******* *** * *****
* *     *   *     * *   *   * *   * *   *     *             *     * * * * * *   *         * *       *       * *   * *   *   * *     *   * * *     * *   * *   * *   *   *       *   *       *   * * *   *
* * *** ***** ***** * * * *** * *** *** ***** ******* *** *** *** * * * * * *** *** ***** * ***** * ******* * * *** *** * * * * * * * * * * *** * * *** ***** * *** *** ******* * * ******* * * * *** * *
*   *   *   * *   * * * *   *       *   *   *         *   *   *   * * * * *   *     *   * *       *     *   * *   *   *   * * * * *   *   *   * * *   *       * * * *         *   *       * * * *     * *
***** *** * * * * *** * ************* ***** ******* ******* *** *** * * * * * ***** * * *************** * * * *** *** *** *** * * *** ******* *** *** ********* * * * ******* ***** * ***** * * ******* *
*   *     * * * *   * *     *     *     *   *       *       * * *   *     * *   *   * *     *       *   * * *   * *   *   *   * * *   *   * *   * * *           *   * *     *     * * *   *   *       * *
* * ******* * * *** * ***** * *** ***** * * * ******* ******* * *********** *** * *** ***** * ***** * *** * *** * * ***** * ***** ***** * * *** * * *** ********* *** * *** ***** * *** * ***** ******* *
* *       * *     * * *     * * * *   *   * * *     *       * *   *     *   * *   *   *   * * *   * * *   * *   * *     * *     *       * *     * *   * *   * *   *   * * * * *   * *   * *     *   *   *
* ******* * * ***** * * ***** * * * * ***** * *** * ******* * *** * *** * *** ***** ***** * * * * * * *** * * ******* * ******* * ******* * ***** *** * * * * * ******* * * * * *** * *** * ***** * * * *
* *     *   * *     * *   *   * *   * *   * *     * *     *   *   *   * *     *     *     * *   * * *   * * *   *   * *       * *   *     *       *   * * * *       *   *   * * * * * * *   *   * *   * *
* *** * ******* *** * *** * *** ***** * *** ******* ***** *** * ***** * ******* ***** *** * * ***** *** * * *** * * * *** *** * *** * *** ********* *** * * ******* * *** *** * * * * * ***** *** ***** *
*   * *       * *   *   * *   *     * *   *       *     *   * *       * *       *       * *   *   *   *   *   *   * * * * *   * * * * * * *   *         * *     * *   * * *     * *   *       *   *   * *
* * *** * *** * * ***** * *** * *** * *** *** ********* * *** ********* * ************* * ***** * * * ******* ***** * * * * *** * * * * * * * ***** ***** ***** * ***** * ***** * ***** ***** * ***** * *
* *   * *   * * *     * *   *   * * *   *   * *     *   * *   *     *   * *             *   *   * * *     *   *     * * * * *   *   * * * * *     *     * *   * * *     *     *       * *     *   *   * *
* *** ***** * * ******* *** ***** * *** * * * * * *** *** * *** *** * * * * *** *********** * *** ***** * * *** ***** * * *** *** *** * * * ***** ***** * * * * * * * ******* ******* *** *** *** * *** *
*   *     * * * *       *       * *   * * *   * *   * *   * *     * * * * *   * * *       * * * *     * * * * * *   *   *   *   * *   * * *   *   *     *   * * *   * *     *     *       * * * * *     *
* ******* * * * * ******* ***** * *** * ******* *** * *** * ******* * *** ***** * * * * *** * * ***** *** * * * * * *** *** *** *** *** * *** * ************* * * *** * * ******* ********* * * * * *****
* *       * *   *   *   *     *   *   *     *   *   *   * * *       *   * *     * * * * *   * *           *   *   *   * * *   *   *   *   *   *       *       * *   * * *       *   *     * * * * * *   *
*** ******* ***** *** * ***** ***** ******* * *** ***** * * * ********* * * ***** * * *** *** *********** *** ******* * * *** *** * * ***** ********* * ******* ***** * ***** ***** * *** * * * * * *** *
*   *   *         *   *       *     *     * * * * *     * * *       *   *   *   *   * *   * * *   *     *   * *     * *     * *   * *       *       *         * *     *   * *     *   *   *     * * *   *
* ***** * ********* ********* * ***** *** * * * * * ***** * ******* * ********* * *** * *** * * * * *** ***** ***** * ***** * * ******* ***** ***** *********** * *** *** * ***** ***** ********* * * ***
*     *   * *     * *         *   *   * * * *   * *   *   *         *           *   *   *   *   *   * * *   * *     *   *   *   *     * *   * *   *     *   *   *   *   * *     *                 * *   *
* *** * *** * *** * ******* ***** * *** * * *** * *** * *********** ******* ******* ******* ********* * * * * * *** *** * ******* *** * * * * * * * ***** * * *** * *** * * *** ******************* *** *
*   * *   * *   * *       *     * * *   * *     *       *   *   *   *     *       *   *   *           * * *   * * * * * *         * * *   *   * *   *     * *   * * *   * * *   *   *     *       *     *
* *** *** * * *** ******* ***** * * * * * *************** * * * * *** *** ******* *** * * * * ***** *** * ***** * * * * * ********* * * ************* ***** *** *** * *** *** * *** * *** * ***** ***** *
* *   *   *   *       * * *     *   * *   *         *     *   *   *   * *   *     * *   *   * *   * *   *     * *   * * * *   *     * * *         *   *   *     *   * *   *   *     * * * *     *   * * *
* * ***** ***** ***** * * *********** *********** * * ************* *** *** * *** * ******* *** * *** ******* * * *** * *** * *** *** * * ******* * *** * ******* ***** *** ******* * * * ***** *** * * *
* *     * *     *   *   *           *   *     *   * * *       *           * *   * *       * *   *     *       * *     * *   *   *   * * * *     * * *   *   * *       * *   *       *   *   *   * * * * *
* ***** * * ******* *** ********* * *** * *** * ***** * ***** ************* *** * * * ***** * ******* * ******* ***** * * ***** *** * * * * *** * * * ***** * * ***** * *** * ***** *** * *** *** * * * *
* *     *   *         *     *   * *   *   * * * *     * *     *     *   *     * *   * *     * *   *   * *       *   * * * * *   *   * * * *   * * * *   * * * * *   *   *   * *   *   * *     *   * *   *
*** ********* * *********** * * * *** ***** * * * ***** * ***** *** * * * * *** *** *** ***** * * ***** * *** *** * *** * * * *** *** *** *** * * * * * * * * * * * ***** ***** * ***** ******* * * *****
*   *   *     * *           * * * *   *   *   * *       * *     *     *   * *   *   *   *   *   *       * * * *   *     *   * * *   *     *   * *   * * *   * *   *   *   *   * *       *       * *     *
* *** * * *** *** *********** * * ***** * * *** ********* * *** ************* *** *** ***** ************* * * * *********** * * * * ******* *********** * *** ******* * * * * * ***************** ***** *
*     * * * *   *     * *     *   *     *   *     *     * * *   *       *   *   * * *         * *           * *             * * * *     *     *         *     *   *   * *   * * *   *         *       * *
* ***** * * *** ***** * * ********* ********* *** * *** * * * *** ***** * * *** * * ********* * * *********** *************** * * * ***** *** * ***** *** ***** * * *** ***** * * * *** ***** * ******* *
* *   * * *   *       * *       *   *   *       * * * *   * * *   *   *   *   * *     *     * * *     *       *           * * *   *       * * *     *   * *   * * * *   *   * *   * *   *   *   *       *
* * * * * * *********** ******* * *** * * ***** *** * ***** *** ***** ***** * * ***** *** *** * *** *** ***** ***** ***** * * * *********** * ***** *** * * * * * * ***** * * ***** * *** * *** * ***** *
*   * * * *         *     *   *   *   * *     *   * * *       *     *     * * * *         *   *   * *   *   *       *   * * * * *         * *       * * * * *   * * *   * *   *       *   * *   * * *   *
*** *** * * ***** *** *** * * ***** ********* *** * * * ***** ***** * * * * * * *********** *** *** * *** * * ******* * * * * * * ******* * ********* * *** ***** * * * * * *** ********* *** *** * * ***
*   *   * * * *   *   *   * *       *   *     * * * * *     *     * * * * * * * *   *   *   *       *     * * *       * * * * *   *     *   *   *     *         * * * *   * *   *       *       * * * * *
***** *** * * * *** *** *** ***** * * * * ***** * * * * ********* * *** * * *** * * * * * ***** *********** * * ******* * * * * *** *** *** * *** * ************* * * ******* *** ***** ******* * * * * *
*     *   *   *       * *   *   * * * *   *     * * *   *       * *     * *   *   *   * * *   * *   *       * * *     * *   * * *   *   *   * *   *       *       *   *       *   *   *       * * * * * *
* * ***** *** ******* * * ***** * *** ***** ***** * ***** ***** * * ********* ********* * * * *** * * ********* ***** * *** * *** *** *** *** * ********* * ***** *** * ******* *** * ******* *** * * * *
* * *   *   * *   *   *   *     *           *     *     *     *   * *           *       *   *   * *   *       *     * * *   * *   *   * * *             * *   *   *   * *     *     *   *         * * * *
* *** * *** *** * *** ***** *** ************* *** ***** ***** ***** * ********* * * *********** * ***** ***** ***** * * *** * * *** *** * * ******* ***** *** ***** *** * ************* *********** * * *
*   * * *       *   *   *   * *   *   *     * *   *     *   *     * * *       * * * *           *       *   *     * *     * * * * * *   * * *     * *       *       *   *             *     *       *   *
*** * * *********** *** *** * * *** * * *** * ***** ***** * * *** * * * ***** * * *** *************** ***** * * *** ***** *** * * * * * * * * *** *** ***** ********* *** ********* * ***** * * ******* *
*   * *     *     * *     * *   *   * * *     *   *     * * * *   * * * *     * *     *     *       *       * * *   *   *   *   * * * * * * * * *     *   * *     * * *       *   * *   * * * *       * *
* *** ***** * ***** ***** * * *** *** * ******* * ***** * * *** *** * *** *** * ******* * * * ***** ********* *** *** * *** * *** * * * * *** * ******* *** * *** * * ********* * * * * * * * ******* * *
*     * *   *     *     *   * *   *   *     *   *     * * *   *     *   *   * * *     * * *   *     *   *   *   *     * *   *   * * * *       *   *     *   * * * * *       *   * * * *   * * *   *   * *
* ***** * ******* ***** * ***** *** *** *** * ******* * * *** ********* *** * * *** * *** ***** ***** * * * *** ******* * ***** * * *********** * * *** * *** * * * ******* * *** *** * *** * *** * *** *
* *     * *     *     * * *     * *   *   *     *     *   * * *         *   * *     *   * *   * *     *   *   *   *   * * *     * *       *   * * *   * * *   * *   *   *   * *   *   * *   * *   *     *
* * *** * * *** * *** * *** ***** *** *********** *** ***** * * ********* ************* * * * * * * ********* * *** * * * ***** * ***** * *** * * *** * * * *** *** * * * *** * *** ***** *** * * *******
* * *   * *   * *   *       * *     * *           * * *     * *     * *       *         * * *   * * *   *     *   * * * *     *   *   * *   *   *     *   * *     *   * * *   *     *     *   * *     * *
* *** *** *** * ************* * * * * * *********** * ***** * *** * * * ***** * ********* * ***** * * * * ******* * * * ***** ***** * ***** * ********* *** * ********* * * ********* ***** *** ***** * *
*     *   * * *   *   *       * * * * *   * *       *     * *   * * * *   *   *           *   *   *   * *   *     * *   *   *   *   *       * *   *   * *   *   *       * * *       *   * * *     * *   *
***** * * * * *** * * * *** *** * *** *** * * *** ******* * *** * * * *** * *********** ***** ********* *** *** *** ***** ***** * ***** ******* * * * * *** * * * ******* * * ***** *** * * ***** * *** *
*     * * * * * *   * *   *     * *       *   *   *     *   *   * * * *   *       *     *   *           *       *   * *     *   * * *   *       * * * *   * * * * *       * * *         * *       *   * *
* ***** * * * * ***** ***** ***** * ******* *** * * * ***** * ***** * * ********* * ***** * *********** ********* *** * *** * *** * * *** ******* * * *** * *** * * ******* * * ********* ********* * * *
*   * * *   *       *     * *   *   *   * * *   * * *     * *       * *       *   * *   * *     *   *   *         * *   * *   *   *   * *       *   *   *   *   * *     *   * *   *     *           * * *
*** * * *********** ***** * * * ***** * * * * * *** ***** * ********* ******* * * * * *** ***** * * * *** ********* * *** ***** * * *** ******* ******* ***** *** ***** * * * ***** *** ***** * ******* *
* *   * *               * * * *       * *   * * *   *     * *     *   *     * * * *   *   *   * * *     *     *     *         * * *           * *   *   *   *   *   * * * * * *       *     * *         *
* *** * * *************** * * ********* * *** *** *** *** * *** * * * * *** * * ***** * *** * * * *********** * *** ********* * * ***** ******* * *** *** * * * *** * * *** * * *********** * ***********
*   * *     *   *         * *     *     * * *   * * * *   *     *   * * * * * *   *   * *   *   * *       *   *   *   *     * * *     * *         *   *   * * *       *   * *   * *         *           *
* * * ******* * * * ************* * ***** * *** * * * * ************* * * * * *** * *** * ******* * ***** * ***** * *** * *** ***** * *** ********* *** *** * *********** * ***** * ************* *******
* * * *       *   * *         *   *   *       * *   * *   *       *   * * *   * * * *   * *     * *   *     *     * *   *   *     * *       *     * *   * * * *   *     *   *     * *           * *     *
*** * * ************* ******* * ***** *** ***** *** * * *** *** *** *** * ***** * * * *** * *** *** * ******* * * *** ***** ***** *********** *** * * *** * *** * * *** *** * ***** * ********* *** *** *
*   * *     *   *   *   *   * * *   *   * *   * *   * * *   * *     * *       * * * * * *   * *   * *     * * * * *   *         *             * * * *   * * *   * * * *       *     * *       *     *   *
* *** ***** * * * * *** * *** * * * *** *** * * * *** *** *** ******* ******* * * * * * ***** *** * ***** * * * *** *** ***** ***************** * * *** * * * *** * * ********* * *** * * *** ******* * *
*       *   * * * *   * *   * * * *   *     * *     *     *       *         *   *   * *         * * *   * *   * *   *   *     *     *     *       * *   * * * *   *       *     * *   * * * * *     * * *
* ******* * * * * * * * * * * * * *** ******* ***** *********** * * ******* *** ***** * ***** * * * * * * * *** * *** ********* *** * * *** ******* * *** * * * * *** ***** ******* ***** * * * ***** * *
* *   *   * * * * * * * * * * * * * *   *   *     *       *   * *     *       *   *   *     * * * * * * * *   * *   *           * *   *   *     *   * *   *   * * *   *     *             * * * *     * *
* * * * ***** * * * *** *** * * * * * * * ******* ******* * * * ******* *** ***** * *** ***** *** * *** * ***** *** ************* ******* ***** * * * *** ***** * * *** ***** ************* * * * ***** *
*   * * *     *   *     *   * * *   * *   *   *   *     *   * * *       *   *     * *   *   * *   *   * *   *   *   *       *     * *     *   * * * *   *   *   * *   * *     *   *     *   *   * *     *
***** * * *************** * * * *** * ***** * * *** *** ***** *** ******* *** ***** ***** * * * ***** * *** * *** *** ***** * *** * * * *** * * * * *** * *** ******* * * ***** * * *** * * *** * *******
*   * *   *   *           * * *   * *       * *   *   *     *   *   *   * * * * *   *     * *   *   * * *   * *   *   *   * * *   * * * *   *   * *   *   *   *       *     *   *   *   * *     *       *
* * * ***** * * * *********** *** * ********* *** *** ***** *** *** * * * * * * * *** ***** *** * * * * * *** * *** *** *** * * *** * *** *********** * *** *** ************* *** ***** ******* ******* *
* *   *   * *   *         *     * * * *     *   *   * *   * *   *   * * * * * * *     *   *   * * * *   *   *   *   *       * *   * *         *     * * *   *   *   * *       * * *   *       *   *   * *
* ***** *** ************* * ***** * * * *** * * *** * * *** * *** *** * * * * * ******* * *** * * * ******* * *** *** ******* *** * ********* * *** * * * *** *** * * * ******* * * * ******* ***** * * *
*   *             *       *     * * * * * *   *   *   * *   *     *   * *   *       *   *     *   *         * *   * *   *       *     *   *     *     * *     *   *   *   * *     * * *     * *     * * *
*** ******* ******* ***** ***** * * * * * ******* ***** * ********* *** *** ***** *** *********************** * *** *** ******* * ***** * ******* ***** ******* ********* * * ***** * ***** * * ***** * *
* *       * *   *   *   * *   *   *   * *       *   *   *     *   *   *       *   *   *   *   *     *     *   * *               * *     *   *     * *   *   *     *     * *   * *   *     * * *     *   *
* ******* *** * * *** * *** * ********* * *** ***** * * ***** * *** *********** *** *** * * *** * * * *** * *** * *************** * ******* * ***** * *** *** *** * *** * * *** * ********* * ***** *** *
*   *     *   * *     *   * *   *     * *   * *   *   * *     * *   *     *     * *     * *     * * * *   * *   *   *           * *       * * *     * * *     * *     * * *     * *         *       *   *
* *** ***** *** ********* * *** * * * * * * *** * ***** * ***** * *** *** * ***** ******* * ***** *** * *** * ******* ********* * *** ***** * * * *** * * ***** ******* * * ***** ***** ************* ***
*     *     *   *       *     *   * *   * * *   *   *   *   *   * * * * *   *           * * *   *     *       *       *   *     *   * *     *   * *   * *   *   *       * * *     *     *           * * *
* ***** ***** *** ***** * ***** *** ******* * ***** * ***** * * * * * * ***** ***** ***** *** * * ************* ******* *** ***** *** * ***** ***** *** *** * *** ******* *** ***** *** * *** ***** * * *
*     *   *       *     * *   *   *   *     *   *   * * *   * *     *   *         *     *     * * *       *     * *   *   *     * *   * *     *     * *   * * *   *     *   *   * *   * * *   *   * *   *
***** * * ********* ***** * * * ***** * * ***** * *** * * ********* *** *************** ******* * ***** * * ***** * * * * ***** * * *** ***** * ***** * * * * * *** *** * * *** * * * *** * *** *** *** *
* *   * *   *   *   *     * * * *     * *       *   * * * *   *   *   *               *     *   *   *   * *   *     *   *     * * *   *     * * *   *   *     *   * *   * *   * *   * *   *   *     *   *
* * ******* * * * *** ***** * *** ***** *********** * * * * * * * *** *************** * ***** ***** * *** *** ***** ***** *** * ***** ***** * * *** * *********** * * *** *** * *** * * ***** *** *** ***
* *       * * * *   *     * *   * *     *       *   * * * * *   * * * *             *   *     *       *     *     *   * * *   *       *   * * *   *     *     *   * * *   *   *   * * * *   *   *   * * *
* ******* * * * *** ***** * *** * * ***** ******* *** * * * ***** * * * *********** *** * ***** ***************** *** * * * ************* * ***** ******* *** * * * * ***** * *** *** * *** *** *** * * *
*       *   * *   *     * *   *   * *     *       *   * * *   *   *   * *         * *   *   *       *   *       * *     * * *           * *     * *     *   *   * * *       *   *   * *   *   *   * * * *
* *** * ***** *** ***** * *** ***** * *** * ******* *** * *** * ******* * ***** *** * ***** * ******* * * ***** * *** *** * ********* * * *** *** * *** * * ***** * *************** * *** *** *** *** * *
* *   *     *   *   *   *   *   *   *   * * *     * *   *     *         *   * * *   *     * * *   *   * *   *   *   * *   *   *     * * * *   *   *   * * *     * * *   *     *   * *     *     *     * *
* * ********* * ***** ********* * ******* * * *** * *** ******************* * * * ******* * *** * * *** *** * ***** *** ***** * *** * * * * *** ***** * ******* * * * * * *** * * * * ***** *** ******* *
* *           *                 *         *     *                           *   *         *     *     *     *           *       *     *   *           *         * *   *     *   *   *       *           *
*****************************************************************************************************2***************************************************************************************************